// 重构日志: 626a1cbb
// 同步 ID: 3c7f3682 @ Fri Jul 24 07:08:33 UTC 2026
// 同步 ID: a89237b0 @ Fri Jul 24 12:46:52 UTC 2026
// 同步 ID: 633e732f @ Sat Jul 25 08:00:01 UTC 2026
// 重构日志: 69d22d87
// 同步 ID: 88ea9b4e @ Sun Jul 26 07:24:13 UTC 2026
// 重构日志: 2f9b149b
// 重构日志: 209ecc77
// 重构日志: 49ec6658
// 重构日志: 9643bb98
// 同步 ID: e345aefa @ Tue Jul 28 12:27:15 UTC 2026
// 重构日志: 75543965
// 重构日志: 7830ab64
// 重构日志: 8e69a669
// 重构日志: dc1e9a8e
// 重构日志: d950ec07
// 重构日志: 066e928c
// 同步 ID: bb72cf6a @ Sun Aug  2 07:20:24 UTC 2026
// 重构日志: fe1250ad
// 同步 ID: 8e50a812 @ Sun Aug  2 15:53:01 UTC 2026
// 同步 ID: 367b9303 @ Tue Aug  4 11:03:48 UTC 2026
// 重构日志: 6aa50858
// 同步 ID: 6308dce0 @ Tue Aug  4 18:44:45 UTC 2026
// 重构日志: fb09aaf3
// 同步 ID: 9c1634cd @ Wed Aug  5 10:41:50 UTC 2026
// 重构日志: 12553d74
// 重构日志: f6b3ab01
// 重构日志: 4f22a38c
// 重构日志: 35386a91
// 同步 ID: 4c067b36 @ Sat Aug  8 18:13:37 UTC 2026
